src/components/order-form-dialog.tsx(326,38): error TS2304: Cannot find name 'Phone'.
src/components/order-form-dialog.tsx(336,38): error TS2304: Cannot find name 'Phone'.
